// Jest Snapshot v1, https://goo.gl/fbAQLP

exports[`SubmitButton renders correctly 1`] = `
<TouchableOpacity
  style={
    Object {
      "marginRight": 16,
    }
  }
>
  <Octicons
    color="#fff"
    name="check"
    size={21}
  />
</TouchableOpacity>
`;
